******************************************************************************
             TMS320C2000 Linker PC v22.6.1                     
******************************************************************************
>> Linked Mon Jun  2 10:16:13 2025

OUTPUT FILE NAME:   <LED_sysconfig.out>
ENTRY POINT SYMBOL: "code_start"  address: 00000000


MEMORY CONFIGURATION

         name            origin    length      used     unused   attr    fill
----------------------  --------  ---------  --------  --------  ----  --------
PAGE 0:
  BEGIN                 00000000   00000002  00000002  00000000  RWIX
  RAMM0                 00000123   000002dd  00000016  000002c7  RWIX
  RAMLS0                00008000   00000800  00000603  000001fd  RWIX
  RAMLS1                00008800   00000800  00000000  00000800  RWIX
  RAMLS2                00009000   00000800  00000000  00000800  RWIX
  RAMLS3                00009800   00000800  00000000  00000800  RWIX
  RAMLS4                0000a000   00000800  00000000  00000800  RWIX
  RAMD0                 0000b000   00000800  00000800  00000000  RWIX
  FLASHA                00080002   00001ffe  00000000  00001ffe  RWIX
  FLASHB                00082000   00002000  00000000  00002000  RWIX
  FLASHC                00084000   00002000  00000000  00002000  RWIX
  FLASHD                00086000   00002000  00000000  00002000  RWIX
  FLASHE                00088000   00008000  00000000  00008000  RWIX
  FLASHF                00090000   00008000  00000000  00008000  RWIX
  FLASHG                00098000   00008000  00000000  00008000  RWIX
  FLASHH                000a0000   00008000  00000000  00008000  RWIX
  FLASHI                000a8000   00008000  00000000  00008000  RWIX
  FLASHJ                000b0000   00008000  00000000  00008000  RWIX
  FLASHK                000b8000   00002000  00000000  00002000  RWIX
  FLASHL                000ba000   00002000  00000000  00002000  RWIX
  FLASHM                000bc000   00002000  00000000  00002000  RWIX
  FLASHN                000be000   00001ff0  00000000  00001ff0  RWIX
  RESET                 003fffc0   00000002  00000000  00000002  RWIX

PAGE 1:
  BOOT_RSVD             00000002   00000121  00000000  00000121  RWIX
  RAMM1                 00000400   000003f8  00000100  000002f8  RWIX
  RAMLS5                0000a800   00000800  000002d3  0000052d  RWIX
  RAMD1                 0000b800   00000800  00000000  00000800  RWIX
  RAMGS0                0000c000   00001000  00000000  00001000  RWIX
  RAMGS1                0000d000   00001000  00000000  00001000  RWIX
  RAMGS2                0000e000   00001000  00000000  00001000  RWIX
  RAMGS3                0000f000   00001000  00000000  00001000  RWIX
  RAMGS4                00010000   00001000  00000000  00001000  RWIX
  RAMGS5                00011000   00001000  00000000  00001000  RWIX
  RAMGS6                00012000   00001000  00000000  00001000  RWIX
  RAMGS7                00013000   00001000  00000000  00001000  RWIX
  RAMGS8                00014000   00001000  00000000  00001000  RWIX
  RAMGS9                00015000   00001000  00000000  00001000  RWIX
  RAMGS10               00016000   00001000  00000000  00001000  RWIX
  RAMGS11               00017000   00001000  00000000  00001000  RWIX
  RAMGS12               00018000   00001000  00000000  00001000  RWIX
  RAMGS13               00019000   00001000  00000000  00001000  RWIX
  RAMGS14               0001a000   00001000  00000000  00001000  RWIX
  RAMGS15               0001b000   00000ff8  00000000  00000ff8  RWIX
  CPU2TOCPU1RAM         0003f800   00000400  00000000  00000400  RWIX
  CPU1TOCPU2RAM         0003fc00   00000400  00000000  00000400  RWIX
  CANA_MSG_RAM          00049000   00000800  00000000  00000800  RWIX
  CANB_MSG_RAM          0004b000   00000800  00000000  00000800  RWIX


SECTION ALLOCATION MAP

 output                                  attributes/
section   page    origin      length       input sections
--------  ----  ----------  ----------   ----------------
codestart 
*          0    00000000    00000002     
                  00000000    00000002     F2837xD_CodeStartBranch.obj (codestart)

.cinit     0    00000128    00000012     
                  00000128    00000009     (.cinit..data.load) [load image, compression = lzss]
                  00000131    00000001     --HOLE-- [fill = 0]
                  00000132    00000004     (__TI_handler_table)
                  00000136    00000004     (__TI_cinit_table)

.reset     0    003fffc0    00000000     DSECT

.stack     1    00000400    00000100     UNINITIALIZED
                  00000400    00000100     --HOLE--

.init_array 
*          0    00000123    00000000     UNINITIALIZED

.const     1    0000a800    000002c3     
                  0000a800    000000c2     driverlib_eabi.lib : sysctl.obj (.const:.string)
                  0000a8c2    000000bc                        : gpio.obj (.const:.string)
                  0000a97e    0000008c     board.obj (.const:.string)
                  0000aa0a    00000062     driverlib_eabi.lib : cputimer.obj (.const:.string)
                  0000aa6c    00000044     lab_main.obj (.const:.string)
                  0000aab0    00000013     device.obj (.const:.string)

.data      1    0000aac4    00000010     UNINITIALIZED
                  0000aac4    00000006     device.obj (.data)
                  0000aaca    00000006     rts2800_fpu32_eabi.lib : exit.c.obj (.data)
                  0000aad0    00000002                            : _lock.c.obj (.data:_lock)
                  0000aad2    00000002                            : _lock.c.obj (.data:_unlock)

.TI.ramfunc 
*          0    00000123    00000004     
                  00000123    00000004     driverlib_eabi.lib : sysctl.obj (.TI.ramfunc)

GETBUFFER 
*          0    0003f800    00000000     DSECT

GETWRITEIDX 
*          0    0003f800    00000000     DSECT

PUTREADIDX 
*          0    0003f800    00000000     DSECT

.text.1    0    00008000    00000603     
                  00008000    00000088     rts2800_fpu32_eabi.lib : fs_div28.asm.obj (.text)
                  00008088    00000068     driverlib_eabi.lib : sysctl.obj (.text:SysCtl_getDeviceParametric)
                  000080f0    00000052                        : gpio.obj (.text:GPIO_setPadConfig)
                  00008142    00000051                        : sysctl.obj (.text:SysCtl_getClock)
                  00008193    00000048                        : sysctl.obj (.text:SysCtl_selectOscSource)
                  000081db    0000003e     lab_main.obj (.text)
                  00008219    0000003d     driverlib_eabi.lib : interrupt.obj (.text:Interrupt_initModule)
                  00008256    00000037                        : gpio.obj (.text:GPIO_setControllerCore)
                  0000828d    00000037                        : gpio.obj (.text:GPIO_setPinConfig)
                  000082c4    00000037                        : gpio.obj (.text:GPIO_setQualificationMode)
                  000082fb    00000037                        : interrupt.obj (.text:Interrupt_enable)
                  00008332    00000034     lab_main.obj (.text:retain)
                  00008366    00000031     driverlib_eabi.lib : gpio.obj (.text:GPIO_setDirectionMode)
                  00008397    00000030     rts2800_fpu32_eabi.lib : copy_decompress_lzss.c.obj (.text:decompress:lzss)
                  000083c7    0000002b                            : autoinit.c.obj (.text:__TI_auto_init_nobinit_nopinit)
                  000083f2    00000029                            : exit.c.obj (.text)
                  0000841b    00000028     driverlib_eabi.lib : sysctl.obj (.text:CPUTimer_selectClockSource)
                  00008443    0000001f                        : sysctl.obj (.text:CPUTimer_getTimerOverflowStatus)
                  00008462    0000001e                        : interrupt.obj (.text:Interrupt_initVectorTable)
                  00008480    0000001d     rts2800_fpu32_eabi.lib : memcpy.c.obj (.text)
                  0000849d    0000001a     driverlib_eabi.lib : sysctl.obj (.text:CPUTimer_startTimer)
                  000084b7    0000001a                        : sysctl.obj (.text:SysCtl_getLowSpeedClock)
                  000084d1    00000017                        : cputimer.obj (.text:CPUTimer_isBaseValid)
                  000084e8    00000017                        : sysctl.obj (.text:CPUTimer_isBaseValid)
                  000084ff    00000017     rts2800_fpu32_eabi.lib : boot28.asm.obj (.text)
                  00008516    00000016     driverlib_eabi.lib : interrupt.obj (.text:Interrupt_defaultHandler)
                  0000852c    00000014                        : sysctl.obj (.text:CPUTimer_stopTimer)
                  00008540    00000012                        : sysctl.obj (.text:CPUTimer_clearOverflowFlag)
                  00008552    00000012                        : sysctl.obj (.text:CPUTimer_disableInterrupt)
                  00008564    00000011                        : sysctl.obj (.text:CPUTimer_setPeriod)
                  00008575    0000000f                        : sysctl.obj (.text:SysCtl_pollCpuTimer)
                  00008584    0000000e                        : gpio.obj (.text:GPIO_isPinValid)
                  00008592    0000000d                        : interrupt.obj (.text:Interrupt_disableGlobal)
                  0000859f    0000000d                        : interrupt.obj (.text:Interrupt_enableGlobal)
                  000085ac    0000000c     rts2800_fpu32_eabi.lib : args_main.c.obj (.text)
                  000085b8    0000000b     driverlib_eabi.lib : sysctl.obj (.text:SysCtl_isMCDClockFailureDetected)
                  000085c3    0000000a                        : interrupt.obj (.text:Interrupt_illegalOperationHandler)
                  000085cd    0000000a                        : interrupt.obj (.text:Interrupt_nmiHandler)
                  000085d7    00000009                        : sysctl.obj (.text:SysCtl_serviceWatchdog)
                  000085e0    00000009     rts2800_fpu32_eabi.lib : _lock.c.obj (.text)
                  000085e9    00000008     F2837xD_CodeStartBranch.obj (.text)
                  000085f1    00000008     rts2800_fpu32_eabi.lib : copy_decompress_none.c.obj (.text:decompress:none)
                  000085f9    00000007     driverlib_eabi.lib : sysctl.obj (.text:SysCtl_resetMCD)
                  00008600    00000002     rts2800_fpu32_eabi.lib : pre_init.c.obj (.text)
                  00008602    00000001                            : startup.c.obj (.text)

.text.2    0    0000b000    00000800     
                  0000b000    000003fd     device.obj (.text)
                  0000b3fd    00000209     driverlib_eabi.lib : sysctl.obj (.text:SysCtl_setClock)
                  0000b606    00000157     board.obj (.text)
                  0000b75d    00000090     driverlib_eabi.lib : sysctl.obj (.text:SysCtl_selectXTAL)
                  0000b7ed    00000013                        : cputimer.obj (.text:CPUTimer_setEmulationMode)

MODULE SUMMARY

       Module                        code   ro data   rw data
       ------                        ----   -------   -------
    .\
       lab_main.obj                  114    68        0      
    +--+-----------------------------+------+---------+---------+
       Total:                        114    68        0      
                                                             
    .\device\
       device.obj                    1021   19        6      
       F2837xD_CodeStartBranch.obj   10     0         0      
    +--+-----------------------------+------+---------+---------+
       Total:                        1031   19        6      
                                                             
    .\syscfg\
       board.obj                     343    140       0      
    +--+-----------------------------+------+---------+---------+
       Total:                        343    140       0      
                                                             
    C:\ti\c2000\C2000Ware_5_04_00_00\driverlib\f2837xd\driverlib\ccs\Debug\driverlib_eabi.lib
       sysctl.obj                    1187   194       0      
       gpio.obj                      310    188       0      
       interrupt.obj                 214    0         0      
       cputimer.obj                  42     98        0      
    +--+-----------------------------+------+---------+---------+
       Total:                        1753   480       0      
                                                             
    C:\ti\ccs1281\ccs\tools\compiler\ti-cgt-c2000_22.6.1.LTS\lib\rts2800_fpu32_eabi.lib
       fs_div28.asm.obj              136    0         0      
       copy_decompress_lzss.c.obj    48     0         0      
       exit.c.obj                    41     0         6      
       autoinit.c.obj                43     0         0      
       memcpy.c.obj                  29     0         0      
       boot28.asm.obj                23     0         0      
       _lock.c.obj                   9      0         4      
       args_main.c.obj               12     0         0      
       copy_decompress_none.c.obj    8      0         0      
       pre_init.c.obj                2      0         0      
       startup.c.obj                 1      0         0      
    +--+-----------------------------+------+---------+---------+
       Total:                        352    0         10     
                                                             
       Stack:                        0      0         256    
       Linker Generated:             0      17        0      
    +--+-----------------------------+------+---------+---------+
       Grand Total:                  3593   724       272    


LINKER GENERATED COPY TABLES

__TI_cinit_table @ 00000136 records: 1, size/record: 4, table size: 4
	.data: load addr=00000128, load size=00000009 bytes, run addr=0000aac4, run size=00000010 bytes, compression=lzss


LINKER GENERATED HANDLER TABLE

__TI_handler_table @ 00000132 records: 2, size/record: 2, table size: 4
	index: 0, handler: __TI_decompress_lzss
	index: 1, handler: __TI_decompress_none


GLOBAL DATA SYMBOLS: SORTED BY DATA PAGE

address     data page           name
--------    ----------------    ----
00000400      10 (00000400)     __stack

0000aac4     2ab (0000aac0)     Example_Result
0000aac6     2ab (0000aac0)     Example_PassCount
0000aac8     2ab (0000aac0)     Example_Fail
0000aaca     2ab (0000aac0)     __TI_enable_exit_profile_output
0000aacc     2ab (0000aac0)     __TI_cleanup_ptr
0000aace     2ab (0000aac0)     __TI_dtors_ptr
0000aad0     2ab (0000aac0)     _lock
0000aad2     2ab (0000aac0)     _unlock


GLOBAL SYMBOLS: SORTED ALPHABETICALLY BY Name 

page  address   name                                     
----  -------   ----                                     
0     0000b6e0  Board_init                               
0     000083f2  C$$EXIT                                  
0     0000b6f5  CPUTIMER_init                            
0     0000b7ed  CPUTimer_setEmulationMode                
0     0000b271  Device_bootCPU2                          
0     0000b240  Device_configureTMXAnalogTrim            
0     0000b0ee  Device_enableAllPeripherals              
0     0000b22a  Device_enableUnbondedGPIOPullups         
0     0000b20d  Device_enableUnbondedGPIOPullupsFor100Pin
0     0000b1fa  Device_enableUnbondedGPIOPullupsFor176Pin
0     0000b0ae  Device_init                              
0     0000b1d9  Device_initGPIO                          
1     0000aac8  Example_Fail                             
1     0000aac6  Example_PassCount                        
1     0000aac4  Example_Result                           
0     0000b3fc  Example_done                             
0     0000b3f7  Example_setResultFail                    
0     0000b3f2  Example_setResultPass                    
0     0000b71e  GPIO_init                                
0     00008256  GPIO_setControllerCore                   
0     00008366  GPIO_setDirectionMode                    
0     000080f0  GPIO_setPadConfig                        
0     0000828d  GPIO_setPinConfig                        
0     000082c4  GPIO_setQualificationMode                
0     0000b750  INTERRUPT_init                           
0     00008332  INT_Led_Toggle_Timer_ISR                 
0     00008516  Interrupt_defaultHandler                 
0     000082fb  Interrupt_enable                         
0     000085c3  Interrupt_illegalOperationHandler        
0     00008219  Interrupt_initModule                     
0     00008462  Interrupt_initVectorTable                
0     000085cd  Interrupt_nmiHandler                     
0     0000b6f8  Led_Toggle_Timer_init                    
0     0000b6eb  PinMux_init                              
0     00000123  SysCtl_delay                             
0     00008142  SysCtl_getClock                          
0     00008088  SysCtl_getDeviceParametric               
0     000084b7  SysCtl_getLowSpeedClock                  
0     00008193  SysCtl_selectOscSource                   
0     0000b75d  SysCtl_selectXTAL                        
0     0000b3fd  SysCtl_setClock                          
0     00000136  __TI_CINIT_Base                          
0     0000013a  __TI_CINIT_Limit                         
0     0000013a  __TI_CINIT_Warm                          
0     00000132  __TI_Handler_Table_Base                  
0     00000136  __TI_Handler_Table_Limit                 
1     00000500  __TI_STACK_END                           
abs   00000100  __TI_STACK_SIZE                          
0     000083c7  __TI_auto_init_nobinit_nopinit           
1     0000aacc  __TI_cleanup_ptr                         
0     00008397  __TI_decompress_lzss                     
0     000085f1  __TI_decompress_none                     
1     0000aace  __TI_dtors_ptr                           
1     0000aaca  __TI_enable_exit_profile_output          
abs   ffffffff  __TI_pprof_out_hndl                      
abs   ffffffff  __TI_prof_data_size                      
abs   ffffffff  __TI_prof_data_start                     
0     00008000  __c28xabi_divf                           
n/a   UNDEFED   __c_args__                               
0     0000b3eb  __error__                                
1     00000400  __stack                                  
0     000085ac  _args_main                               
0     000084ff  _c_int00                                 
1     0000aad0  _lock                                    
0     000085e8  _nop                                     
0     000085e4  _register_lock                           
0     000085e0  _register_unlock                         
0     00008602  _system_post_cinit                       
0     00008600  _system_pre_init                         
1     0000aad2  _unlock                                  
0     000083f2  abort                                    
0     00000000  code_start                               
0     000083f4  exit                                     
0     0000820e  main                                     
0     00008480  memcpy                                   
0     0000b723  myBoardLED0_GPIO_init                    
0     0000b73c  myBoardLED1_GPIO_init                    


GLOBAL SYMBOLS: SORTED BY Symbol Address 

page  address   name                                     
----  -------   ----                                     
0     00000000  code_start                               
0     00000123  SysCtl_delay                             
0     00000132  __TI_Handler_Table_Base                  
0     00000136  __TI_CINIT_Base                          
0     00000136  __TI_Handler_Table_Limit                 
0     0000013a  __TI_CINIT_Limit                         
0     0000013a  __TI_CINIT_Warm                          
0     00008000  __c28xabi_divf                           
0     00008088  SysCtl_getDeviceParametric               
0     000080f0  GPIO_setPadConfig                        
0     00008142  SysCtl_getClock                          
0     00008193  SysCtl_selectOscSource                   
0     0000820e  main                                     
0     00008219  Interrupt_initModule                     
0     00008256  GPIO_setControllerCore                   
0     0000828d  GPIO_setPinConfig                        
0     000082c4  GPIO_setQualificationMode                
0     000082fb  Interrupt_enable                         
0     00008332  INT_Led_Toggle_Timer_ISR                 
0     00008366  GPIO_setDirectionMode                    
0     00008397  __TI_decompress_lzss                     
0     000083c7  __TI_auto_init_nobinit_nopinit           
0     000083f2  C$$EXIT                                  
0     000083f2  abort                                    
0     000083f4  exit                                     
0     00008462  Interrupt_initVectorTable                
0     00008480  memcpy                                   
0     000084b7  SysCtl_getLowSpeedClock                  
0     000084ff  _c_int00                                 
0     00008516  Interrupt_defaultHandler                 
0     000085ac  _args_main                               
0     000085c3  Interrupt_illegalOperationHandler        
0     000085cd  Interrupt_nmiHandler                     
0     000085e0  _register_unlock                         
0     000085e4  _register_lock                           
0     000085e8  _nop                                     
0     000085f1  __TI_decompress_none                     
0     00008600  _system_pre_init                         
0     00008602  _system_post_cinit                       
0     0000b0ae  Device_init                              
0     0000b0ee  Device_enableAllPeripherals              
0     0000b1d9  Device_initGPIO                          
0     0000b1fa  Device_enableUnbondedGPIOPullupsFor176Pin
0     0000b20d  Device_enableUnbondedGPIOPullupsFor100Pin
0     0000b22a  Device_enableUnbondedGPIOPullups         
0     0000b240  Device_configureTMXAnalogTrim            
0     0000b271  Device_bootCPU2                          
0     0000b3eb  __error__                                
0     0000b3f2  Example_setResultPass                    
0     0000b3f7  Example_setResultFail                    
0     0000b3fc  Example_done                             
0     0000b3fd  SysCtl_setClock                          
0     0000b6e0  Board_init                               
0     0000b6eb  PinMux_init                              
0     0000b6f5  CPUTIMER_init                            
0     0000b6f8  Led_Toggle_Timer_init                    
0     0000b71e  GPIO_init                                
0     0000b723  myBoardLED0_GPIO_init                    
0     0000b73c  myBoardLED1_GPIO_init                    
0     0000b750  INTERRUPT_init                           
0     0000b75d  SysCtl_selectXTAL                        
0     0000b7ed  CPUTimer_setEmulationMode                
1     00000400  __stack                                  
1     00000500  __TI_STACK_END                           
1     0000aac4  Example_Result                           
1     0000aac6  Example_PassCount                        
1     0000aac8  Example_Fail                             
1     0000aaca  __TI_enable_exit_profile_output          
1     0000aacc  __TI_cleanup_ptr                         
1     0000aace  __TI_dtors_ptr                           
1     0000aad0  _lock                                    
1     0000aad2  _unlock                                  
abs   00000100  __TI_STACK_SIZE                          
abs   ffffffff  __TI_pprof_out_hndl                      
abs   ffffffff  __TI_prof_data_size                      
abs   ffffffff  __TI_prof_data_start                     
n/a   UNDEFED   __c_args__                               

[77 symbols]
